// Jest Snapshot v1, https://goo.gl/fbAQLP

exports[`Privacy Policy should render 1`] = `
<View
  pointerEvents="auto"
  style={
    Object {
      "alignItems": undefined,
      "backgroundColor": "#FFFFFF",
      "borderRadius": undefined,
      "flex": 1,
      "flexDirection": undefined,
      "height": undefined,
      "justifyContent": undefined,
      "marginBottom": undefined,
      "marginLeft": undefined,
      "marginRight": undefined,
      "marginTop": undefined,
      "padding": undefined,
      "paddingBottom": undefined,
      "paddingHorizontal": undefined,
      "paddingLeft": undefined,
      "paddingRight": undefined,
      "paddingTop": undefined,
      "width": undefined,
    }
  }
>
  <View
    style={
      Array [
        Object {
          "flex": 1,
          "overflow": "hidden",
        },
        undefined,
      ]
    }
  >
    <RNCWebView
      cacheEnabled={true}
      injectedJavaScript="(function() {
  document.querySelector('.w-nav').style.display = 'none'
  document.querySelector('#home').style.marginTop = '-100px'
  document.querySelector('#home').style.height = '200px'
  document.querySelector('#about').style.paddingTop = '20px'
  document.querySelector('.footer-section').style.display = 'none'
  document.querySelector('.hide-mobile-app').style.display = 'none'
})()"
      javaScriptEnabled={true}
      messagingEnabled={false}
      onContentProcessDidTerminate={[Function]}
      onHttpError={[Function]}
      onLoadingError={[Function]}
      onLoadingFinish={[Function]}
      onLoadingProgress={[Function]}
      onLoadingStart={[Function]}
      onMessage={[Function]}
      onShouldStartLoadWithRequest={[Function]}
      scalesPageToFit={false}
      source={
        Object {
          "uri": "https://www.uport.me/privacy-policy",
        }
      }
      startInLoadingState={true}
      style={
        Array [
          Object {
            "flex": 1,
            "overflow": "hidden",
          },
          Object {
            "backgroundColor": "#ffffff",
          },
          undefined,
        ]
      }
      useSharedProcessPool={true}
    />
    <View
      style={
        Object {
          "alignItems": "center",
          "backgroundColor": "white",
          "flex": 1,
          "height": "100%",
          "justifyContent": "center",
          "position": "absolute",
          "width": "100%",
        }
      }
    >
      <ActivityIndicator
        animating={true}
        color="#999999"
        hidesWhenStopped={true}
        size="small"
      />
    </View>
  </View>
</View>
`;
