// Jest Snapshot v1, https://goo.gl/fbAQLP

exports[`renders Fab 1`] = `
<View
  style={
    Object {
      "alignSelf": "center",
      "flex": 0,
    }
  }
>
  <View
    accessible={true}
    focusable={true}
    isTVSelectable={true}
    onClick={[Function]}
    onResponderGrant={[Function]}
    onResponderMove={[Function]}
    onResponderRelease={[Function]}
    onResponderTerminate={[Function]}
    onResponderTerminationRequest={[Function]}
    onStartShouldSetResponder={[Function]}
    style={
      Object {
        "backgroundColor": "#6A54D1",
        "borderRadius": 28,
        "bottom": 24,
        "elevation": 10,
        "height": 56,
        "opacity": 1,
        "padding": 16,
        "shadowColor": "rgb(0,0,0)",
        "shadowOffset": Object {
          "height": 2,
          "width": 1,
        },
        "shadowOpacity": 0.3,
        "width": 56,
      }
    }
  >
    <Icon
      color="rgba(216,216,216,1)"
      name="qrcode-scan"
      size={24}
    />
  </View>
</View>
`;
